// Jest Snapshot v1, https://goo.gl/fbAQLP

exports[`Testing snapshot for GainsightPxCloudAction's trackPageView destination action: all fields 1`] = `
Object {
  "testType": "#Y2EgVZ]Y2E6qzyuQ",
}
`;

exports[`Testing snapshot for GainsightPxCloudAction's trackPageView destination action: required fields 1`] = `""`;

exports[`Testing snapshot for GainsightPxCloudAction's trackPageView destination action: required fields 2`] = `
Headers {
  Symbol(map): Object {
    "authorization": Array [
      "Basic I1kyRWdWWl1ZMkU2cXp5dVE6",
    ],
    "user-agent": Array [
      "Segment (Actions)",
    ],
  },
}
`;
