// Jest Snapshot v1, https://goo.gl/fbAQLP

exports[`Testing snapshot for GainsightPxCloudAction's groupIdentify destination action: all fields 1`] = `
Object {
  "testType": "yFY8]%",
}
`;

exports[`Testing snapshot for GainsightPxCloudAction's groupIdentify destination action: required fields 1`] = `""`;

exports[`Testing snapshot for GainsightPxCloudAction's groupIdentify destination action: required fields 2`] = `
Headers {
  Symbol(map): Object {
    "authorization": Array [
      "Basic eUZZOF0lOg==",
    ],
    "user-agent": Array [
      "Segment (Actions)",
    ],
  },
}
`;
